// Vitest Snapshot v1, https://vitest.dev/guide/snapshot.html

exports[`LandinPage > renders LandingPage component 1`] = `
<div
  class="mantine-izct5y"
  data-testid="landing-page"
>
  <button
    class="mantine-UnstyledButton-root mantine-Button-root mantine-1r0y3pt"
    data-button="true"
    data-testid="open-btn"
    type="button"
  >
    <div
      class="mantine-3xbgk5 mantine-Button-inner"
    >
      <span
        class="mantine-qo1k2 mantine-Button-label"
      >
        Open modal
      </span>
    </div>
  </button>
</div>
`;
